----------------------------------------------------------------------------------------------------
------------------------------------ MegaLinter, by OX Security ------------------------------------
----------------------------------------------------------------------------------------------------
 - Image Creation Date: 2026-05-16T13:18:39Z
 - Image Revision: 0e3ce9b9c8c10effb9b269509cc47ca17cae31c7
 - Image Version: v9.5.0
----------------------------------------------------------------------------------------------------
The MegaLinter documentation can be found at:
 - https://megalinter.io/9.5.0
----------------------------------------------------------------------------------------------------
::group::MegaLinter initialization (expand for details)
MegaLinter will analyze workspace [/github/workspace]
GITHUB_REPOSITORY: trading-cz/sdk
GITHUB_REF: refs/pull/34/merge
GITHUB_RUN_ID: 27413520160
PAT: not set

[Pre] run: [apk add --no-cache build-base python3-dev] in cwd [/github/workspace]
[Pre] result:
(1/8) Installing libmagic (5.46-r2)
(2/8) Installing file (5.46-r2)
(3/8) Installing libstdc++-dev (15.2.0-r2)
(4/8) Installing g++ (15.2.0-r2)
(5/8) Installing fortify-headers (1.1-r5)
(6/8) Installing patch (2.8-r0)
(7/8) Installing build-base (0.5-r3)
(8/8) Installing python3-dev (3.12.13-r0)
Executing busybox-1.37.0-r30.trigger
OK: 1454.4 MiB in 139 packages

[Pre] run: [python3 -m pip install --upgrade pip setuptools wheel] in cwd [/github/workspace]
[Pre] result:
WARNING: The directory '/github/home/.cache/pip' or its parent directory is not owned or is not writable by the current user. The cache has been disabled. Check the permissions and owner of that directory. If executing pip with sudo, you should use sudo's -H flag.
Requirement already satisfied: pip in /usr/local/lib/python3.14/site-packages (26.1.1)
Collecting pip
  Downloading pip-26.1.2-py3-none-any.whl.metadata (4.6 kB)
Requirement already satisfied: setuptools in /usr/local/lib/python3.14/site-packages (82.0.1)
Requirement already satisfied: wheel in /usr/local/lib/python3.14/site-packages (0.47.0)
Requirement already satisfied: packaging>=24.0 in /usr/local/lib/python3.14/site-packages (from wheel) (26.2)
Downloading pip-26.1.2-py3-none-any.whl (1.8 MB)
   ━━━━━━━━━━━━━━━━━━━━━━━━━━━━━━━━━━━━━━━━ 1.8/1.8 MB 81.7 MB/s  0:00:00
Installing collected packages: pip
  Attempting uninstall: pip
    Found existing installation: pip 26.1.1
    Uninstalling pip-26.1.1:
      Successfully uninstalled pip-26.1.1
Successfully installed pip-26.1.2
WARNING: Running pip as the 'root' user can result in broken permissions and conflicting behaviour with the system package manager, possibly rendering your system unusable. It is recommended to use a virtual environment instead: https://pip.pypa.io/warnings/venv. Use the --root-user-action option if you know what you are doing and want to suppress this warning.

[Pre] run: [if [ -f "pyproject.toml" ]; then
  python3 -m pip install -e ".[dev]" || python3 -m pip install -e . || true
fi
] in cwd [/github/workspace]
[Pre] result:
WARNING: The directory '/github/home/.cache/pip' or its parent directory is not owned or is not writable by the current user. The cache has been disabled. Check the permissions and owner of that directory. If executing pip with sudo, you should use sudo's -H flag.
Obtaining file:///github/workspace
  Installing build dependencies: started
  Installing build dependencies: finished with status 'done'
  Checking if build backend supports build_editable: started
  Checking if build backend supports build_editable: finished with status 'done'
  Getting requirements to build editable: started
  Getting requirements to build editable: finished with status 'done'
  Installing backend dependencies: started
  Installing backend dependencies: finished with status 'done'
  Preparing editable metadata (pyproject.toml): started
  Preparing editable metadata (pyproject.toml): finished with status 'done'
Collecting confluent-kafka>=2.14.0 (from trading-sdk==0.1.8)
  Downloading confluent_kafka-2.14.2.tar.gz (289 kB)
  Installing build dependencies: started
  Installing build dependencies: finished with status 'done'
  Getting requirements to build wheel: started
  Getting requirements to build wheel: finished with status 'done'
  Preparing metadata (pyproject.toml): started
  Preparing metadata (pyproject.toml): finished with status 'done'
Requirement already satisfied: pydantic-settings>=2.14 in /usr/local/lib/python3.14/site-packages (from trading-sdk==0.1.8) (2.14.1)
Requirement already satisfied: pydantic>=2.13 in /usr/local/lib/python3.14/site-packages (from trading-sdk==0.1.8) (2.13.4)
Collecting mockafka-py==0.2.3 (from trading-sdk==0.1.8)
  Downloading mockafka_py-0.2.3-py3-none-any.whl.metadata (7.9 kB)
Collecting mypy>=1.13.0 (from trading-sdk==0.1.8)
  Downloading mypy-2.1.0-cp314-cp314-musllinux_1_2_x86_64.whl.metadata (2.3 kB)
Collecting pytest-asyncio>=0.24 (from trading-sdk==0.1.8)
  Downloading pytest_asyncio-1.4.0-py3-none-any.whl.metadata (4.1 kB)
Collecting pytest>=8.3.0 (from trading-sdk==0.1.8)
  Downloading pytest-9.0.3-py3-none-any.whl.metadata (7.6 kB)
Collecting ruff>=0.7.0 (from trading-sdk==0.1.8)
  Downloading ruff-0.15.17-py3-none-musllinux_1_2_x86_64.whl.metadata (26 kB)
Collecting aiokafka<0.13,>=0.10 (from mockafka-py==0.2.3->trading-sdk==0.1.8)
  Downloading aiokafka-0.12.0.tar.gz (564 kB)
     ━━━━━━━━━━━━━━━━━━━━━━━━━━━━━━━━━━━━━━━━ 565.0/565.0 kB 84.6 MB/s  0:00:00
  Installing build dependencies: started
  Installing build dependencies: finished with status 'done'
  Getting requirements to build wheel: started
  Getting requirements to build wheel: finished with status 'done'
  Preparing metadata (pyproject.toml): started
  Preparing metadata (pyproject.toml): finished with status 'done'
Requirement already satisfied: typing-extensions<5.0.0,>=4.12.2 in /usr/local/lib/python3.14/site-packages (from mockafka-py==0.2.3->trading-sdk==0.1.8) (4.15.0)
Collecting async-timeout (from aiokafka<0.13,>=0.10->mockafka-py==0.2.3->trading-sdk==0.1.8)
  Downloading async_timeout-5.0.1-py3-none-any.whl.metadata (5.1 kB)
Requirement already satisfied: packaging in /usr/local/lib/python3.14/site-packages (from aiokafka<0.13,>=0.10->mockafka-py==0.2.3->trading-sdk==0.1.8) (26.2)
Requirement already satisfied: mypy_extensions>=1.0.0 in /usr/local/lib/python3.14/site-packages (from mypy>=1.13.0->trading-sdk==0.1.8) (1.1.0)
Collecting pathspec>=1.0.0 (from mypy>=1.13.0->trading-sdk==0.1.8)
  Downloading pathspec-1.1.1-py3-none-any.whl.metadata (14 kB)
Collecting librt>=0.11.0 (from mypy>=1.13.0->trading-sdk==0.1.8)
  Downloading librt-0.11.0-cp314-cp314-musllinux_1_2_x86_64.whl.metadata (1.3 kB)
Collecting ast-serialize<1.0.0,>=0.3.0 (from mypy>=1.13.0->trading-sdk==0.1.8)
  Downloading ast_serialize-0.5.0-cp39-abi3-musllinux_1_2_x86_64.whl.metadata (1.3 kB)
Requirement already satisfied: annotated-types>=0.6.0 in /usr/local/lib/python3.14/site-packages (from pydantic>=2.13->trading-sdk==0.1.8) (0.7.0)
Requirement already satisfied: pydantic-core==2.46.4 in /usr/local/lib/python3.14/site-packages (from pydantic>=2.13->trading-sdk==0.1.8) (2.46.4)
Requirement already satisfied: typing-inspection>=0.4.2 in /usr/local/lib/python3.14/site-packages (from pydantic>=2.13->trading-sdk==0.1.8) (0.4.2)
Requirement already satisfied: python-dotenv>=0.21.0 in /usr/local/lib/python3.14/site-packages (from pydantic-settings>=2.14->trading-sdk==0.1.8) (1.2.2)
Collecting iniconfig>=1.0.1 (from pytest>=8.3.0->trading-sdk==0.1.8)
  Downloading iniconfig-2.3.0-py3-none-any.whl.metadata (2.5 kB)
Collecting pluggy<2,>=1.5 (from pytest>=8.3.0->trading-sdk==0.1.8)
  Downloading pluggy-1.6.0-py3-none-any.whl.metadata (4.8 kB)
Requirement already satisfied: pygments>=2.7.2 in /usr/local/lib/python3.14/site-packages (from pytest>=8.3.0->trading-sdk==0.1.8) (2.20.0)
Downloading mockafka_py-0.2.3-py3-none-any.whl (26 kB)
Downloading mypy-2.1.0-cp314-cp314-musllinux_1_2_x86_64.whl (15.3 MB)
   ━━━━━━━━━━━━━━━━━━━━━━━━━━━━━━━━━━━━━━━━ 15.3/15.3 MB 205.3 MB/s  0:00:00
Downloading ast_serialize-0.5.0-cp39-abi3-musllinux_1_2_x86_64.whl (1.5 MB)
   ━━━━━━━━━━━━━━━━━━━━━━━━━━━━━━━━━━━━━━━━ 1.5/1.5 MB 436.0 MB/s  0:00:00
Downloading librt-0.11.0-cp314-cp314-musllinux_1_2_x86_64.whl (546 kB)
   ━━━━━━━━━━━━━━━━━━━━━━━━━━━━━━━━━━━━━━━━ 546.3/546.3 kB 398.9 MB/s  0:00:00
Downloading pathspec-1.1.1-py3-none-any.whl (57 kB)
Downloading pytest-9.0.3-py3-none-any.whl (375 kB)
Downloading pluggy-1.6.0-py3-none-any.whl (20 kB)
Downloading iniconfig-2.3.0-py3-none-any.whl (7.5 kB)
Downloading pytest_asyncio-1.4.0-py3-none-any.whl (16 kB)
Downloading ruff-0.15.17-py3-none-musllinux_1_2_x86_64.whl (11.7 MB)
   ━━━━━━━━━━━━━━━━━━━━━━━━━━━━━━━━━━━━━━━━ 11.7/11.7 MB 244.6 MB/s  0:00:00
Downloading async_timeout-5.0.1-py3-none-any.whl (6.2 kB)
Building wheels for collected packages: trading-sdk, aiokafka, confluent-kafka
  Building editable for trading-sdk (pyproject.toml): started
  Building editable for trading-sdk (pyproject.toml): finished with status 'done'
  Created wheel for trading-sdk: filename=trading_sdk-0.1.8-py3-none-any.whl size=3788 sha256=b49d3d0306fde32d5f84649bede58beefb214bc1a3ea365f59d58cf9acab51b2
  Stored in directory: /tmp/pip-ephem-wheel-cache-df5q7q2f/wheels/79/f7/09/e1ebb53364e886b8e06ebf8d34ae65303ab5a958a365f38a79
  Building wheel for aiokafka (pyproject.toml): started
  Building wheel for aiokafka (pyproject.toml): finished with status 'done'
  Created wheel for aiokafka: filename=aiokafka-0.12.0-cp314-cp314-linux_x86_64.whl size=1137710 sha256=d2a946bea6e2a5d886617cec609f8aa10f38a81de766091c98d970a4cc4c3661
  Stored in directory: /tmp/pip-ephem-wheel-cache-df5q7q2f/wheels/45/33/bc/58e7e1b78c42a292682e14f3f1c0cb9d289bf89cb860f3a458
  Building wheel for confluent-kafka (pyproject.toml): started
  Building wheel for confluent-kafka (pyproject.toml): finished with status 'error'
  error: subprocess-exited-with-error
  
  × Building wheel for confluent-kafka (pyproject.toml) did not run successfully.
  │ exit code: 1
  ╰─> [172 lines of output]
      /tmp/pip-build-env-rwejby28/overlay/lib/python3.14/site-packages/setuptools/config/_apply_pyprojecttoml.py:61: SetuptoolsDeprecationWarning: License classifiers are deprecated.
      !!
      
              ********************************************************************************
              Please consider removing the following classifiers in favor of a SPDX license expression:
      
              License :: OSI Approved :: Apache Software License
      
              See https://packaging.python.org/en/latest/guides/writing-pyproject-toml/#license for details.
              ********************************************************************************
      
      !!
        dist._finalize_license_expression()
      /tmp/pip-build-env-rwejby28/overlay/lib/python3.14/site-packages/setuptools/dist.py:765: SetuptoolsDeprecationWarning: License classifiers are deprecated.
      !!
      
              ********************************************************************************
              Please consider removing the following classifiers in favor of a SPDX license expression:
      
              License :: OSI Approved :: Apache Software License
      
              See https://packaging.python.org/en/latest/guides/writing-pyproject-toml/#license for details.
              ********************************************************************************
      
      !!
        self._finalize_license_expression()
      running bdist_wheel
      running build
      running build_py
      creating build/lib.linux-x86_64-cpython-314/confluent_kafka
      copying src/confluent_kafka/error.py -> build/lib.linux-x86_64-cpython-314/confluent_kafka
      copying src/confluent_kafka/__init__.py -> build/lib.linux-x86_64-cpython-314/confluent_kafka
      copying src/confluent_kafka/serializing_producer.py -> build/lib.linux-x86_64-cpython-314/confluent_kafka
      copying src/confluent_kafka/_types.py -> build/lib.linux-x86_64-cpython-314/confluent_kafka
      copying src/confluent_kafka/deserializing_consumer.py -> build/lib.linux-x86_64-cpython-314/confluent_kafka
      creating build/lib.linux-x86_64-cpython-314/confluent_kafka/_util
      copying src/confluent_kafka/_util/validation_util.py -> build/lib.linux-x86_64-cpython-314/confluent_kafka/_util
      copying src/confluent_kafka/_util/conversion_util.py -> build/lib.linux-x86_64-cpython-314/confluent_kafka/_util
      copying src/confluent_kafka/_util/__init__.py -> build/lib.linux-x86_64-cpython-314/confluent_kafka/_util
      creating build/lib.linux-x86_64-cpython-314/confluent_kafka/avro
      copying src/confluent_kafka/avro/error.py -> build/lib.linux-x86_64-cpython-314/confluent_kafka/avro
      copying src/confluent_kafka/avro/__init__.py -> build/lib.linux-x86_64-cpython-314/confluent_kafka/avro
      copying src/confluent_kafka/avro/load.py -> build/lib.linux-x86_64-cpython-314/confluent_kafka/avro
      copying src/confluent_kafka/avro/cached_schema_registry_client.py -> build/lib.linux-x86_64-cpython-314/confluent_kafka/avro
      creating build/lib.linux-x86_64-cpython-314/confluent_kafka/admin
      copying src/confluent_kafka/admin/_scram.py -> build/lib.linux-x86_64-cpython-314/confluent_kafka/admin
      copying src/confluent_kafka/admin/_group.py -> build/lib.linux-x86_64-cpython-314/confluent_kafka/admin
      copying src/confluent_kafka/admin/_resource.py -> build/lib.linux-x86_64-cpython-314/confluent_kafka/admin
      copying src/confluent_kafka/admin/__init__.py -> build/lib.linux-x86_64-cpython-314/confluent_kafka/admin
      copying src/confluent_kafka/admin/_topic.py -> build/lib.linux-x86_64-cpython-314/confluent_kafka/admin
      copying src/confluent_kafka/admin/_listoffsets.py -> build/lib.linux-x86_64-cpython-314/confluent_kafka/admin
      copying src/confluent_kafka/admin/_config.py -> build/lib.linux-x86_64-cpython-314/confluent_kafka/admin
      copying src/confluent_kafka/admin/_metadata.py -> build/lib.linux-x86_64-cpython-314/confluent_kafka/admin
      copying src/confluent_kafka/admin/_records.py -> build/lib.linux-x86_64-cpython-314/confluent_kafka/admin
      copying src/confluent_kafka/admin/_acl.py -> build/lib.linux-x86_64-cpython-314/confluent_kafka/admin
      copying src/confluent_kafka/admin/_cluster.py -> build/lib.linux-x86_64-cpython-314/confluent_kafka/admin
      creating build/lib.linux-x86_64-cpython-314/confluent_kafka/kafkatest
      copying src/confluent_kafka/kafkatest/__init__.py -> build/lib.linux-x86_64-cpython-314/confluent_kafka/kafkatest
      copying src/confluent_kafka/kafkatest/verifiable_consumer.py -> build/lib.linux-x86_64-cpython-314/confluent_kafka/kafkatest
      copying src/confluent_kafka/kafkatest/verifiable_producer.py -> build/lib.linux-x86_64-cpython-314/confluent_kafka/kafkatest
      copying src/confluent_kafka/kafkatest/verifiable_client.py -> build/lib.linux-x86_64-cpython-314/confluent_kafka/kafkatest
      creating build/lib.linux-x86_64-cpython-314/confluent_kafka/serialization
      copying src/confluent_kafka/serialization/__init__.py -> build/lib.linux-x86_64-cpython-314/confluent_kafka/serialization
      creating build/lib.linux-x86_64-cpython-314/confluent_kafka/aio
      copying src/confluent_kafka/aio/__init__.py -> build/lib.linux-x86_64-cpython-314/confluent_kafka/aio
      copying src/confluent_kafka/aio/_common.py -> build/lib.linux-x86_64-cpython-314/confluent_kafka/aio
      copying src/confluent_kafka/aio/_AIOConsumer.py -> build/lib.linux-x86_64-cpython-314/confluent_kafka/aio
      creating build/lib.linux-x86_64-cpython-314/confluent_kafka/schema_registry
      copying src/confluent_kafka/schema_registry/schema_registry_client.py -> build/lib.linux-x86_64-cpython-314/confluent_kafka/schema_registry
      copying src/confluent_kafka/schema_registry/error.py -> build/lib.linux-x86_64-cpython-314/confluent_kafka/schema_registry
      copying src/confluent_kafka/schema_registry/__init__.py -> build/lib.linux-x86_64-cpython-314/confluent_kafka/schema_registry
      copying src/confluent_kafka/schema_registry/rule_registry.py -> build/lib.linux-x86_64-cpython-314/confluent_kafka/schema_registry
      copying src/confluent_kafka/schema_registry/avro.py -> build/lib.linux-x86_64-cpython-314/confluent_kafka/schema_registry
      copying src/confluent_kafka/schema_registry/wildcard_matcher.py -> build/lib.linux-x86_64-cpython-314/confluent_kafka/schema_registry
      copying src/confluent_kafka/schema_registry/serde.py -> build/lib.linux-x86_64-cpython-314/confluent_kafka/schema_registry
      copying src/confluent_kafka/schema_registry/json_schema.py -> build/lib.linux-x86_64-cpython-314/confluent_kafka/schema_registry
      copying src/confluent_kafka/schema_registry/protobuf.py -> build/lib.linux-x86_64-cpython-314/confluent_kafka/schema_registry
      creating build/lib.linux-x86_64-cpython-314/confluent_kafka/_model
      copying src/confluent_kafka/_model/__init__.py -> build/lib.linux-x86_64-cpython-314/confluent_kafka/_model
      creating build/lib.linux-x86_64-cpython-314/confluent_kafka/avro/serializer
      copying src/confluent_kafka/avro/serializer/message_serializer.py -> build/lib.linux-x86_64-cpython-314/confluent_kafka/avro/serializer
      copying src/confluent_kafka/avro/serializer/__init__.py -> build/lib.linux-x86_64-cpython-314/confluent_kafka/avro/serializer
      creating build/lib.linux-x86_64-cpython-314/confluent_kafka/aio/producer
      copying src/confluent_kafka/aio/producer/_AIOProducer.py -> build/lib.linux-x86_64-cpython-314/confluent_kafka/aio/producer
      copying src/confluent_kafka/aio/producer/__init__.py -> build/lib.linux-x86_64-cpython-314/confluent_kafka/aio/producer
      copying src/confluent_kafka/aio/producer/_producer_batch_processor.py -> build/lib.linux-x86_64-cpython-314/confluent_kafka/aio/producer
      copying src/confluent_kafka/aio/producer/_buffer_timeout_manager.py -> build/lib.linux-x86_64-cpython-314/confluent_kafka/aio/producer
      copying src/confluent_kafka/aio/producer/_message_batch.py -> build/lib.linux-x86_64-cpython-314/confluent_kafka/aio/producer
      copying src/confluent_kafka/aio/producer/_kafka_batch_executor.py -> build/lib.linux-x86_64-cpython-314/confluent_kafka/aio/producer
      creating build/lib.linux-x86_64-cpython-314/confluent_kafka/schema_registry/_sync
      copying src/confluent_kafka/schema_registry/_sync/schema_registry_client.py -> build/lib.linux-x86_64-cpython-314/confluent_kafka/schema_registry/_sync
      copying src/confluent_kafka/schema_registry/_sync/__init__.py -> build/lib.linux-x86_64-cpython-314/confluent_kafka/schema_registry/_sync
      copying src/confluent_kafka/schema_registry/_sync/avro.py -> build/lib.linux-x86_64-cpython-314/confluent_kafka/schema_registry/_sync
      copying src/confluent_kafka/schema_registry/_sync/serde.py -> build/lib.linux-x86_64-cpython-314/confluent_kafka/schema_registry/_sync
      copying src/confluent_kafka/schema_registry/_sync/json_schema.py -> build/lib.linux-x86_64-cpython-314/confluent_kafka/schema_registry/_sync
      copying src/confluent_kafka/schema_registry/_sync/protobuf.py -> build/lib.linux-x86_64-cpython-314/confluent_kafka/schema_registry/_sync
      copying src/confluent_kafka/schema_registry/_sync/mock_schema_registry_client.py -> build/lib.linux-x86_64-cpython-314/confluent_kafka/schema_registry/_sync
      creating build/lib.linux-x86_64-cpython-314/confluent_kafka/schema_registry/rules
      copying src/confluent_kafka/schema_registry/rules/__init__.py -> build/lib.linux-x86_64-cpython-314/confluent_kafka/schema_registry/rules
      creating build/lib.linux-x86_64-cpython-314/confluent_kafka/schema_registry/common
      copying src/confluent_kafka/schema_registry/common/schema_registry_client.py -> build/lib.linux-x86_64-cpython-314/confluent_kafka/schema_registry/common
      copying src/confluent_kafka/schema_registry/common/__init__.py -> build/lib.linux-x86_64-cpython-314/confluent_kafka/schema_registry/common
      copying src/confluent_kafka/schema_registry/common/_oauthbearer.py -> build/lib.linux-x86_64-cpython-314/confluent_kafka/schema_registry/common
      copying src/confluent_kafka/schema_registry/common/avro.py -> build/lib.linux-x86_64-cpython-314/confluent_kafka/schema_registry/common
      copying src/confluent_kafka/schema_registry/common/serde.py -> build/lib.linux-x86_64-cpython-314/confluent_kafka/schema_registry/common
      copying src/confluent_kafka/schema_registry/common/json_schema.py -> build/lib.linux-x86_64-cpython-314/confluent_kafka/schema_registry/common
      copying src/confluent_kafka/schema_registry/common/protobuf.py -> build/lib.linux-x86_64-cpython-314/confluent_kafka/schema_registry/common
      creating build/lib.linux-x86_64-cpython-314/confluent_kafka/schema_registry/confluent
      copying src/confluent_kafka/schema_registry/confluent/__init__.py -> build/lib.linux-x86_64-cpython-314/confluent_kafka/schema_registry/confluent
      copying src/confluent_kafka/schema_registry/confluent/meta_pb2.py -> build/lib.linux-x86_64-cpython-314/confluent_kafka/schema_registry/confluent
      creating build/lib.linux-x86_64-cpython-314/confluent_kafka/schema_registry/_async
      copying src/confluent_kafka/schema_registry/_async/schema_registry_client.py -> build/lib.linux-x86_64-cpython-314/confluent_kafka/schema_registry/_async
      copying src/confluent_kafka/schema_registry/_async/__init__.py -> build/lib.linux-x86_64-cpython-314/confluent_kafka/schema_registry/_async
      copying src/confluent_kafka/schema_registry/_async/avro.py -> build/lib.linux-x86_64-cpython-314/confluent_kafka/schema_registry/_async
      copying src/confluent_kafka/schema_registry/_async/serde.py -> build/lib.linux-x86_64-cpython-314/confluent_kafka/schema_registry/_async
      copying src/confluent_kafka/schema_registry/_async/json_schema.py -> build/lib.linux-x86_64-cpython-314/confluent_kafka/schema_registry/_async
      copying src/confluent_kafka/schema_registry/_async/protobuf.py -> build/lib.linux-x86_64-cpython-314/confluent_kafka/schema_registry/_async
      copying src/confluent_kafka/schema_registry/_async/mock_schema_registry_client.py -> build/lib.linux-x86_64-cpython-314/confluent_kafka/schema_registry/_async
      creating build/lib.linux-x86_64-cpython-314/confluent_kafka/schema_registry/rules/cel
      copying src/confluent_kafka/schema_registry/rules/cel/cel_field_executor.py -> build/lib.linux-x86_64-cpython-314/confluent_kafka/schema_registry/rules/cel
      copying src/confluent_kafka/schema_registry/rules/cel/__init__.py -> build/lib.linux-x86_64-cpython-314/confluent_kafka/schema_registry/rules/cel
      copying src/confluent_kafka/schema_registry/rules/cel/constraints.py -> build/lib.linux-x86_64-cpython-314/confluent_kafka/schema_registry/rules/cel
      copying src/confluent_kafka/schema_registry/rules/cel/string_format.py -> build/lib.linux-x86_64-cpython-314/confluent_kafka/schema_registry/rules/cel
      copying src/confluent_kafka/schema_registry/rules/cel/cel_field_presence.py -> build/lib.linux-x86_64-cpython-314/confluent_kafka/schema_registry/rules/cel
      copying src/confluent_kafka/schema_registry/rules/cel/extra_func.py -> build/lib.linux-x86_64-cpython-314/confluent_kafka/schema_registry/rules/cel
      copying src/confluent_kafka/schema_registry/rules/cel/cel_executor.py -> build/lib.linux-x86_64-cpython-314/confluent_kafka/schema_registry/rules/cel
      creating build/lib.linux-x86_64-cpython-314/confluent_kafka/schema_registry/rules/encryption
      copying src/confluent_kafka/schema_registry/rules/encryption/__init__.py -> build/lib.linux-x86_64-cpython-314/confluent_kafka/schema_registry/rules/encryption
      copying src/confluent_kafka/schema_registry/rules/encryption/kms_driver_registry.py -> build/lib.linux-x86_64-cpython-314/confluent_kafka/schema_registry/rules/encryption
      copying src/confluent_kafka/schema_registry/rules/encryption/encrypt_executor.py -> build/lib.linux-x86_64-cpython-314/confluent_kafka/schema_registry/rules/encryption
      creating build/lib.linux-x86_64-cpython-314/confluent_kafka/schema_registry/rules/jsonata
      copying src/confluent_kafka/schema_registry/rules/jsonata/jsonata_executor.py -> build/lib.linux-x86_64-cpython-314/confluent_kafka/schema_registry/rules/jsonata
      copying src/confluent_kafka/schema_registry/rules/jsonata/__init__.py -> build/lib.linux-x86_64-cpython-314/confluent_kafka/schema_registry/rules/jsonata
      creating build/lib.linux-x86_64-cpython-314/confluent_kafka/schema_registry/rules/encryption/azurekms
      copying src/confluent_kafka/schema_registry/rules/encryption/azurekms/azure_driver.py -> build/lib.linux-x86_64-cpython-314/confluent_kafka/schema_registry/rules/encryption/azurekms
      copying src/confluent_kafka/schema_registry/rules/encryption/azurekms/__init__.py -> build/lib.linux-x86_64-cpython-314/confluent_kafka/schema_registry/rules/encryption/azurekms
      copying src/confluent_kafka/schema_registry/rules/encryption/azurekms/azure_client.py -> build/lib.linux-x86_64-cpython-314/confluent_kafka/schema_registry/rules/encryption/azurekms
      copying src/confluent_kafka/schema_registry/rules/encryption/azurekms/azure_aead.py -> build/lib.linux-x86_64-cpython-314/confluent_kafka/schema_registry/rules/encryption/azurekms
      creating build/lib.linux-x86_64-cpython-314/confluent_kafka/schema_registry/rules/encryption/awskms
      copying src/confluent_kafka/schema_registry/rules/encryption/awskms/__init__.py -> build/lib.linux-x86_64-cpython-314/confluent_kafka/schema_registry/rules/encryption/awskms
      copying src/confluent_kafka/schema_registry/rules/encryption/awskms/aws_driver.py -> build/lib.linux-x86_64-cpython-314/confluent_kafka/schema_registry/rules/encryption/awskms
      creating build/lib.linux-x86_64-cpython-314/confluent_kafka/schema_registry/rules/encryption/localkms
      copying src/confluent_kafka/schema_registry/rules/encryption/localkms/__init__.py -> build/lib.linux-x86_64-cpython-314/confluent_kafka/schema_registry/rules/encryption/localkms
      copying src/confluent_kafka/schema_registry/rules/encryption/localkms/local_client.py -> build/lib.linux-x86_64-cpython-314/confluent_kafka/schema_registry/rules/encryption/localkms
      copying src/confluent_kafka/schema_registry/rules/encryption/localkms/local_driver.py -> build/lib.linux-x86_64-cpython-314/confluent_kafka/schema_registry/rules/encryption/localkms
      creating build/lib.linux-x86_64-cpython-314/confluent_kafka/schema_registry/rules/encryption/dek_registry
      copying src/confluent_kafka/schema_registry/rules/encryption/dek_registry/__init__.py -> build/lib.linux-x86_64-cpython-314/confluent_kafka/schema_registry/rules/encryption/dek_registry
      copying src/confluent_kafka/schema_registry/rules/encryption/dek_registry/dek_registry_client.py -> build/lib.linux-x86_64-cpython-314/confluent_kafka/schema_registry/rules/encryption/dek_registry
      copying src/confluent_kafka/schema_registry/rules/encryption/dek_registry/mock_dek_registry_client.py -> build/lib.linux-x86_64-cpython-314/confluent_kafka/schema_registry/rules/encryption/dek_registry
      creating build/lib.linux-x86_64-cpython-314/confluent_kafka/schema_registry/rules/encryption/gcpkms
      copying src/confluent_kafka/schema_registry/rules/encryption/gcpkms/gcp_driver.py -> build/lib.linux-x86_64-cpython-314/confluent_kafka/schema_registry/rules/encryption/gcpkms
      copying src/confluent_kafka/schema_registry/rules/encryption/gcpkms/__init__.py -> build/lib.linux-x86_64-cpython-314/confluent_kafka/schema_registry/rules/encryption/gcpkms
      copying src/confluent_kafka/schema_registry/rules/encryption/gcpkms/gcp_client.py -> build/lib.linux-x86_64-cpython-314/confluent_kafka/schema_registry/rules/encryption/gcpkms
      creating build/lib.linux-x86_64-cpython-314/confluent_kafka/schema_registry/rules/encryption/hcvault
      copying src/confluent_kafka/schema_registry/rules/encryption/hcvault/__init__.py -> build/lib.linux-x86_64-cpython-314/confluent_kafka/schema_registry/rules/encryption/hcvault
      copying src/confluent_kafka/schema_registry/rules/encryption/hcvault/hcvault_client.py -> build/lib.linux-x86_64-cpython-314/confluent_kafka/schema_registry/rules/encryption/hcvault
      copying src/confluent_kafka/schema_registry/rules/encryption/hcvault/hcvault_driver.py -> build/lib.linux-x86_64-cpython-314/confluent_kafka/schema_registry/rules/encryption/hcvault
      creating build/lib.linux-x86_64-cpython-314/confluent_kafka/schema_registry/confluent/types
      copying src/confluent_kafka/schema_registry/confluent/types/__init__.py -> build/lib.linux-x86_64-cpython-314/confluent_kafka/schema_registry/confluent/types
      copying src/confluent_kafka/schema_registry/confluent/types/decimal_pb2.py -> build/lib.linux-x86_64-cpython-314/confluent_kafka/schema_registry/confluent/types
      copying src/confluent_kafka/cimpl.pyi -> build/lib.linux-x86_64-cpython-314/confluent_kafka
      copying src/confluent_kafka/py.typed -> build/lib.linux-x86_64-cpython-314/confluent_kafka
      running build_ext
      building 'confluent_kafka.cimpl' extension
      creating build/temp.linux-x86_64-cpython-314/tmp/pip-install-nqi09hk1/confluent-kafka_2cd7d0f663334a7f94b50c9d7bcc5452/src/confluent_kafka/src
      gcc -fno-strict-overflow -Wsign-compare -DNDEBUG -g -O3 -Wall -fPIC -I/usr/local/include/python3.14 -c /tmp/pip-install-nqi09hk1/confluent-kafka_2cd7d0f663334a7f94b50c9d7bcc5452/src/confluent_kafka/src/Admin.c -o build/temp.linux-x86_64-cpython-314/tmp/pip-install-nqi09hk1/confluent-kafka_2cd7d0f663334a7f94b50c9d7bcc5452/src/confluent_kafka/src/Admin.o
      In file included from /tmp/pip-install-nqi09hk1/confluent-kafka_2cd7d0f663334a7f94b50c9d7bcc5452/src/confluent_kafka/src/Admin.c:28:
      /tmp/pip-install-nqi09hk1/confluent-kafka_2cd7d0f663334a7f94b50c9d7bcc5452/src/confluent_kafka/src/confluent_kafka.h:23:10: fatal error: librdkafka/rdkafka.h: No such file or directory
         23 | #include <librdkafka/rdkafka.h>
            |          ^~~~~~~~~~~~~~~~~~~~~~
      compilation terminated.
      error: command '/usr/bin/gcc' failed with exit code 1
      [end of output]
  
  note: This error originates from a subprocess, and is likely not a problem with pip.
  ERROR: Failed building wheel for confluent-kafka
Successfully built trading-sdk aiokafka
Failed to build confluent-kafka
error: failed-wheel-build-for-install

× Failed to build installable wheels for some pyproject.toml based projects
╰─> confluent-kafka
WARNING: The directory '/github/home/.cache/pip' or its parent directory is not owned or is not writable by the current user. The cache has been disabled. Check the permissions and owner of that directory. If executing pip with sudo, you should use sudo's -H flag.
Obtaining file:///github/workspace
  Installing build dependencies: started
  Installing build dependencies: finished with status 'done'
  Checking if build backend supports build_editable: started
  Checking if build backend supports build_editable: finished with status 'done'
  Getting requirements to build editable: started
  Getting requirements to build editable: finished with status 'done'
  Installing backend dependencies: started
  Installing backend dependencies: finished with status 'done'
  Preparing editable metadata (pyproject.toml): started
  Preparing editable metadata (pyproject.toml): finished with status 'done'
Collecting confluent-kafka>=2.14.0 (from trading-sdk==0.1.8)
  Downloading confluent_kafka-2.14.2.tar.gz (289 kB)
  Installing build dependencies: started
  Installing build dependencies: finished with status 'done'
  Getting requirements to build wheel: started
  Getting requirements to build wheel: finished with status 'done'
  Preparing metadata (pyproject.toml): started
  Preparing metadata (pyproject.toml): finished with status 'done'
Requirement already satisfied: pydantic-settings>=2.14 in /usr/local/lib/python3.14/site-packages (from trading-sdk==0.1.8) (2.14.1)
Requirement already satisfied: pydantic>=2.13 in /usr/local/lib/python3.14/site-packages (from trading-sdk==0.1.8) (2.13.4)
Requirement already satisfied: annotated-types>=0.6.0 in /usr/local/lib/python3.14/site-packages (from pydantic>=2.13->trading-sdk==0.1.8) (0.7.0)
Requirement already satisfied: pydantic-core==2.46.4 in /usr/local/lib/python3.14/site-packages (from pydantic>=2.13->trading-sdk==0.1.8) (2.46.4)
Requirement already satisfied: typing-extensions>=4.14.1 in /usr/local/lib/python3.14/site-packages (from pydantic>=2.13->trading-sdk==0.1.8) (4.15.0)
Requirement already satisfied: typing-inspection>=0.4.2 in /usr/local/lib/python3.14/site-packages (from pydantic>=2.13->trading-sdk==0.1.8) (0.4.2)
Requirement already satisfied: python-dotenv>=0.21.0 in /usr/local/lib/python3.14/site-packages (from pydantic-settings>=2.14->trading-sdk==0.1.8) (1.2.2)
Building wheels for collected packages: trading-sdk, confluent-kafka
  Building editable for trading-sdk (pyproject.toml): started
  Building editable for trading-sdk (pyproject.toml): finished with status 'done'
  Created wheel for trading-sdk: filename=trading_sdk-0.1.8-py3-none-any.whl size=3788 sha256=b49d3d0306fde32d5f84649bede58beefb214bc1a3ea365f59d58cf9acab51b2
  Stored in directory: /tmp/pip-ephem-wheel-cache-rx9z8r4b/wheels/79/f7/09/e1ebb53364e886b8e06ebf8d34ae65303ab5a958a365f38a79
  Building wheel for confluent-kafka (pyproject.toml): started
  Building wheel for confluent-kafka (pyproject.toml): finished with status 'error'
  error: subprocess-exited-with-error
  
  × Building wheel for confluent-kafka (pyproject.toml) did not run successfully.
  │ exit code: 1
  ╰─> [172 lines of output]
      /tmp/pip-build-env-n3czzh6k/overlay/lib/python3.14/site-packages/setuptools/config/_apply_pyprojecttoml.py:61: SetuptoolsDeprecationWarning: License classifiers are deprecated.
      !!
      
              ********************************************************************************
              Please consider removing the following classifiers in favor of a SPDX license expression:
      
              License :: OSI Approved :: Apache Software License
      
              See https://packaging.python.org/en/latest/guides/writing-pyproject-toml/#license for details.
              ********************************************************************************
      
      !!
        dist._finalize_license_expression()
      /tmp/pip-build-env-n3czzh6k/overlay/lib/python3.14/site-packages/setuptools/dist.py:765: SetuptoolsDeprecationWarning: License classifiers are deprecated.
      !!
      
              ********************************************************************************
              Please consider removing the following classifiers in favor of a SPDX license expression:
      
              License :: OSI Approved :: Apache Software License
      
              See https://packaging.python.org/en/latest/guides/writing-pyproject-toml/#license for details.
              ********************************************************************************
      
      !!
        self._finalize_license_expression()
      running bdist_wheel
      running build
      running build_py
      creating build/lib.linux-x86_64-cpython-314/confluent_kafka
      copying src/confluent_kafka/error.py -> build/lib.linux-x86_64-cpython-314/confluent_kafka
      copying src/confluent_kafka/__init__.py -> build/lib.linux-x86_64-cpython-314/confluent_kafka
      copying src/confluent_kafka/serializing_producer.py -> build/lib.linux-x86_64-cpython-314/confluent_kafka
      copying src/confluent_kafka/_types.py -> build/lib.linux-x86_64-cpython-314/confluent_kafka
      copying src/confluent_kafka/deserializing_consumer.py -> build/lib.linux-x86_64-cpython-314/confluent_kafka
      creating build/lib.linux-x86_64-cpython-314/confluent_kafka/_util
      copying src/confluent_kafka/_util/validation_util.py -> build/lib.linux-x86_64-cpython-314/confluent_kafka/_util
      copying src/confluent_kafka/_util/conversion_util.py -> build/lib.linux-x86_64-cpython-314/confluent_kafka/_util
      copying src/confluent_kafka/_util/__init__.py -> build/lib.linux-x86_64-cpython-314/confluent_kafka/_util
      creating build/lib.linux-x86_64-cpython-314/confluent_kafka/avro
      copying src/confluent_kafka/avro/error.py -> build/lib.linux-x86_64-cpython-314/confluent_kafka/avro
      copying src/confluent_kafka/avro/__init__.py -> build/lib.linux-x86_64-cpython-314/confluent_kafka/avro
      copying src/confluent_kafka/avro/load.py -> build/lib.linux-x86_64-cpython-314/confluent_kafka/avro
      copying src/confluent_kafka/avro/cached_schema_registry_client.py -> build/lib.linux-x86_64-cpython-314/confluent_kafka/avro
      creating build/lib.linux-x86_64-cpython-314/confluent_kafka/admin
      copying src/confluent_kafka/admin/_scram.py -> build/lib.linux-x86_64-cpython-314/confluent_kafka/admin
      copying src/confluent_kafka/admin/_group.py -> build/lib.linux-x86_64-cpython-314/confluent_kafka/admin
      copying src/confluent_kafka/admin/_resource.py -> build/lib.linux-x86_64-cpython-314/confluent_kafka/admin
      copying src/confluent_kafka/admin/__init__.py -> build/lib.linux-x86_64-cpython-314/confluent_kafka/admin
      copying src/confluent_kafka/admin/_topic.py -> build/lib.linux-x86_64-cpython-314/confluent_kafka/admin
      copying src/confluent_kafka/admin/_listoffsets.py -> build/lib.linux-x86_64-cpython-314/confluent_kafka/admin
      copying src/confluent_kafka/admin/_config.py -> build/lib.linux-x86_64-cpython-314/confluent_kafka/admin
      copying src/confluent_kafka/admin/_metadata.py -> build/lib.linux-x86_64-cpython-314/confluent_kafka/admin
      copying src/confluent_kafka/admin/_records.py -> build/lib.linux-x86_64-cpython-314/confluent_kafka/admin
      copying src/confluent_kafka/admin/_acl.py -> build/lib.linux-x86_64-cpython-314/confluent_kafka/admin
      copying src/confluent_kafka/admin/_cluster.py -> build/lib.linux-x86_64-cpython-314/confluent_kafka/admin
      creating build/lib.linux-x86_64-cpython-314/confluent_kafka/kafkatest
      copying src/confluent_kafka/kafkatest/__init__.py -> build/lib.linux-x86_64-cpython-314/confluent_kafka/kafkatest
      copying src/confluent_kafka/kafkatest/verifiable_consumer.py -> build/lib.linux-x86_64-cpython-314/confluent_kafka/kafkatest
      copying src/confluent_kafka/kafkatest/verifiable_producer.py -> build/lib.linux-x86_64-cpython-314/confluent_kafka/kafkatest
      copying src/confluent_kafka/kafkatest/verifiable_client.py -> build/lib.linux-x86_64-cpython-314/confluent_kafka/kafkatest
      creating build/lib.linux-x86_64-cpython-314/confluent_kafka/serialization
      copying src/confluent_kafka/serialization/__init__.py -> build/lib.linux-x86_64-cpython-314/confluent_kafka/serialization
      creating build/lib.linux-x86_64-cpython-314/confluent_kafka/aio
      copying src/confluent_kafka/aio/__init__.py -> build/lib.linux-x86_64-cpython-314/confluent_kafka/aio
      copying src/confluent_kafka/aio/_common.py -> build/lib.linux-x86_64-cpython-314/confluent_kafka/aio
      copying src/confluent_kafka/aio/_AIOConsumer.py -> build/lib.linux-x86_64-cpython-314/confluent_kafka/aio
      creating build/lib.linux-x86_64-cpython-314/confluent_kafka/schema_registry
      copying src/confluent_kafka/schema_registry/schema_registry_client.py -> build/lib.linux-x86_64-cpython-314/confluent_kafka/schema_registry
      copying src/confluent_kafka/schema_registry/error.py -> build/lib.linux-x86_64-cpython-314/confluent_kafka/schema_registry
      copying src/confluent_kafka/schema_registry/__init__.py -> build/lib.linux-x86_64-cpython-314/confluent_kafka/schema_registry
      copying src/confluent_kafka/schema_registry/rule_registry.py -> build/lib.linux-x86_64-cpython-314/confluent_kafka/schema_registry
      copying src/confluent_kafka/schema_registry/avro.py -> build/lib.linux-x86_64-cpython-314/confluent_kafka/schema_registry
      copying src/confluent_kafka/schema_registry/wildcard_matcher.py -> build/lib.linux-x86_64-cpython-314/confluent_kafka/schema_registry
      copying src/confluent_kafka/schema_registry/serde.py -> build/lib.linux-x86_64-cpython-314/confluent_kafka/schema_registry
      copying src/confluent_kafka/schema_registry/json_schema.py -> build/lib.linux-x86_64-cpython-314/confluent_kafka/schema_registry
      copying src/confluent_kafka/schema_registry/protobuf.py -> build/lib.linux-x86_64-cpython-314/confluent_kafka/schema_registry
      creating build/lib.linux-x86_64-cpython-314/confluent_kafka/_model
      copying src/confluent_kafka/_model/__init__.py -> build/lib.linux-x86_64-cpython-314/confluent_kafka/_model
      creating build/lib.linux-x86_64-cpython-314/confluent_kafka/avro/serializer
      copying src/confluent_kafka/avro/serializer/message_serializer.py -> build/lib.linux-x86_64-cpython-314/confluent_kafka/avro/serializer
      copying src/confluent_kafka/avro/serializer/__init__.py -> build/lib.linux-x86_64-cpython-314/confluent_kafka/avro/serializer
      creating build/lib.linux-x86_64-cpython-314/confluent_kafka/aio/producer
      copying src/confluent_kafka/aio/producer/_AIOProducer.py -> build/lib.linux-x86_64-cpython-314/confluent_kafka/aio/producer
      copying src/confluent_kafka/aio/producer/__init__.py -> build/lib.linux-x86_64-cpython-314/confluent_kafka/aio/producer
      copying src/confluent_kafka/aio/producer/_producer_batch_processor.py -> build/lib.linux-x86_64-cpython-314/confluent_kafka/aio/producer
      copying src/confluent_kafka/aio/producer/_buffer_timeout_manager.py -> build/lib.linux-x86_64-cpython-314/confluent_kafka/aio/producer
      copying src/confluent_kafka/aio/producer/_message_batch.py -> build/lib.linux-x86_64-cpython-314/confluent_kafka/aio/producer
      copying src/confluent_kafka/aio/producer/_kafka_batch_executor.py -> build/lib.linux-x86_64-cpython-314/confluent_kafka/aio/producer
      creating build/lib.linux-x86_64-cpython-314/confluent_kafka/schema_registry/_sync
      copying src/confluent_kafka/schema_registry/_sync/schema_registry_client.py -> build/lib.linux-x86_64-cpython-314/confluent_kafka/schema_registry/_sync
      copying src/confluent_kafka/schema_registry/_sync/__init__.py -> build/lib.linux-x86_64-cpython-314/confluent_kafka/schema_registry/_sync
      copying src/confluent_kafka/schema_registry/_sync/avro.py -> build/lib.linux-x86_64-cpython-314/confluent_kafka/schema_registry/_sync
      copying src/confluent_kafka/schema_registry/_sync/serde.py -> build/lib.linux-x86_64-cpython-314/confluent_kafka/schema_registry/_sync
      copying src/confluent_kafka/schema_registry/_sync/json_schema.py -> build/lib.linux-x86_64-cpython-314/confluent_kafka/schema_registry/_sync
      copying src/confluent_kafka/schema_registry/_sync/protobuf.py -> build/lib.linux-x86_64-cpython-314/confluent_kafka/schema_registry/_sync
      copying src/confluent_kafka/schema_registry/_sync/mock_schema_registry_client.py -> build/lib.linux-x86_64-cpython-314/confluent_kafka/schema_registry/_sync
      creating build/lib.linux-x86_64-cpython-314/confluent_kafka/schema_registry/rules
      copying src/confluent_kafka/schema_registry/rules/__init__.py -> build/lib.linux-x86_64-cpython-314/confluent_kafka/schema_registry/rules
      creating build/lib.linux-x86_64-cpython-314/confluent_kafka/schema_registry/common
      copying src/confluent_kafka/schema_registry/common/schema_registry_client.py -> build/lib.linux-x86_64-cpython-314/confluent_kafka/schema_registry/common
      copying src/confluent_kafka/schema_registry/common/__init__.py -> build/lib.linux-x86_64-cpython-314/confluent_kafka/schema_registry/common
      copying src/confluent_kafka/schema_registry/common/_oauthbearer.py -> build/lib.linux-x86_64-cpython-314/confluent_kafka/schema_registry/common
      copying src/confluent_kafka/schema_registry/common/avro.py -> build/lib.linux-x86_64-cpython-314/confluent_kafka/schema_registry/common
      copying src/confluent_kafka/schema_registry/common/serde.py -> build/lib.linux-x86_64-cpython-314/confluent_kafka/schema_registry/common
      copying src/confluent_kafka/schema_registry/common/json_schema.py -> build/lib.linux-x86_64-cpython-314/confluent_kafka/schema_registry/common
      copying src/confluent_kafka/schema_registry/common/protobuf.py -> build/lib.linux-x86_64-cpython-314/confluent_kafka/schema_registry/common
      creating build/lib.linux-x86_64-cpython-314/confluent_kafka/schema_registry/confluent
      copying src/confluent_kafka/schema_registry/confluent/__init__.py -> build/lib.linux-x86_64-cpython-314/confluent_kafka/schema_registry/confluent
      copying src/confluent_kafka/schema_registry/confluent/meta_pb2.py -> build/lib.linux-x86_64-cpython-314/confluent_kafka/schema_registry/confluent
      creating build/lib.linux-x86_64-cpython-314/confluent_kafka/schema_registry/_async
      copying src/confluent_kafka/schema_registry/_async/schema_registry_client.py -> build/lib.linux-x86_64-cpython-314/confluent_kafka/schema_registry/_async
      copying src/confluent_kafka/schema_registry/_async/__init__.py -> build/lib.linux-x86_64-cpython-314/confluent_kafka/schema_registry/_async
      copying src/confluent_kafka/schema_registry/_async/avro.py -> build/lib.linux-x86_64-cpython-314/confluent_kafka/schema_registry/_async
      copying src/confluent_kafka/schema_registry/_async/serde.py -> build/lib.linux-x86_64-cpython-314/confluent_kafka/schema_registry/_async
      copying src/confluent_kafka/schema_registry/_async/json_schema.py -> build/lib.linux-x86_64-cpython-314/confluent_kafka/schema_registry/_async
      copying src/confluent_kafka/schema_registry/_async/protobuf.py -> build/lib.linux-x86_64-cpython-314/confluent_kafka/schema_registry/_async
      copying src/confluent_kafka/schema_registry/_async/mock_schema_registry_client.py -> build/lib.linux-x86_64-cpython-314/confluent_kafka/schema_registry/_async
      creating build/lib.linux-x86_64-cpython-314/confluent_kafka/schema_registry/rules/cel
      copying src/confluent_kafka/schema_registry/rules/cel/cel_field_executor.py -> build/lib.linux-x86_64-cpython-314/confluent_kafka/schema_registry/rules/cel
      copying src/confluent_kafka/schema_registry/rules/cel/__init__.py -> build/lib.linux-x86_64-cpython-314/confluent_kafka/schema_registry/rules/cel
      copying src/confluent_kafka/schema_registry/rules/cel/constraints.py -> build/lib.linux-x86_64-cpython-314/confluent_kafka/schema_registry/rules/cel
      copying src/confluent_kafka/schema_registry/rules/cel/string_format.py -> build/lib.linux-x86_64-cpython-314/confluent_kafka/schema_registry/rules/cel
      copying src/confluent_kafka/schema_registry/rules/cel/cel_field_presence.py -> build/lib.linux-x86_64-cpython-314/confluent_kafka/schema_registry/rules/cel
      copying src/confluent_kafka/schema_registry/rules/cel/extra_func.py -> build/lib.linux-x86_64-cpython-314/confluent_kafka/schema_registry/rules/cel
      copying src/confluent_kafka/schema_registry/rules/cel/cel_executor.py -> build/lib.linux-x86_64-cpython-314/confluent_kafka/schema_registry/rules/cel
      creating build/lib.linux-x86_64-cpython-314/confluent_kafka/schema_registry/rules/encryption
      copying src/confluent_kafka/schema_registry/rules/encryption/__init__.py -> build/lib.linux-x86_64-cpython-314/confluent_kafka/schema_registry/rules/encryption
      copying src/confluent_kafka/schema_registry/rules/encryption/kms_driver_registry.py -> build/lib.linux-x86_64-cpython-314/confluent_kafka/schema_registry/rules/encryption
      copying src/confluent_kafka/schema_registry/rules/encryption/encrypt_executor.py -> build/lib.linux-x86_64-cpython-314/confluent_kafka/schema_registry/rules/encryption
      creating build/lib.linux-x86_64-cpython-314/confluent_kafka/schema_registry/rules/jsonata
      copying src/confluent_kafka/schema_registry/rules/jsonata/jsonata_executor.py -> build/lib.linux-x86_64-cpython-314/confluent_kafka/schema_registry/rules/jsonata
      copying src/confluent_kafka/schema_registry/rules/jsonata/__init__.py -> build/lib.linux-x86_64-cpython-314/confluent_kafka/schema_registry/rules/jsonata
      creating build/lib.linux-x86_64-cpython-314/confluent_kafka/schema_registry/rules/encryption/azurekms
      copying src/confluent_kafka/schema_registry/rules/encryption/azurekms/azure_driver.py -> build/lib.linux-x86_64-cpython-314/confluent_kafka/schema_registry/rules/encryption/azurekms
      copying src/confluent_kafka/schema_registry/rules/encryption/azurekms/__init__.py -> build/lib.linux-x86_64-cpython-314/confluent_kafka/schema_registry/rules/encryption/azurekms
      copying src/confluent_kafka/schema_registry/rules/encryption/azurekms/azure_client.py -> build/lib.linux-x86_64-cpython-314/confluent_kafka/schema_registry/rules/encryption/azurekms
      copying src/confluent_kafka/schema_registry/rules/encryption/azurekms/azure_aead.py -> build/lib.linux-x86_64-cpython-314/confluent_kafka/schema_registry/rules/encryption/azurekms
      creating build/lib.linux-x86_64-cpython-314/confluent_kafka/schema_registry/rules/encryption/awskms
      copying src/confluent_kafka/schema_registry/rules/encryption/awskms/__init__.py -> build/lib.linux-x86_64-cpython-314/confluent_kafka/schema_registry/rules/encryption/awskms
      copying src/confluent_kafka/schema_registry/rules/encryption/awskms/aws_driver.py -> build/lib.linux-x86_64-cpython-314/confluent_kafka/schema_registry/rules/encryption/awskms
      creating build/lib.linux-x86_64-cpython-314/confluent_kafka/schema_registry/rules/encryption/localkms
      copying src/confluent_kafka/schema_registry/rules/encryption/localkms/__init__.py -> build/lib.linux-x86_64-cpython-314/confluent_kafka/schema_registry/rules/encryption/localkms
      copying src/confluent_kafka/schema_registry/rules/encryption/localkms/local_client.py -> build/lib.linux-x86_64-cpython-314/confluent_kafka/schema_registry/rules/encryption/localkms
      copying src/confluent_kafka/schema_registry/rules/encryption/localkms/local_driver.py -> build/lib.linux-x86_64-cpython-314/confluent_kafka/schema_registry/rules/encryption/localkms
      creating build/lib.linux-x86_64-cpython-314/confluent_kafka/schema_registry/rules/encryption/dek_registry
      copying src/confluent_kafka/schema_registry/rules/encryption/dek_registry/__init__.py -> build/lib.linux-x86_64-cpython-314/confluent_kafka/schema_registry/rules/encryption/dek_registry
      copying src/confluent_kafka/schema_registry/rules/encryption/dek_registry/dek_registry_client.py -> build/lib.linux-x86_64-cpython-314/confluent_kafka/schema_registry/rules/encryption/dek_registry
      copying src/confluent_kafka/schema_registry/rules/encryption/dek_registry/mock_dek_registry_client.py -> build/lib.linux-x86_64-cpython-314/confluent_kafka/schema_registry/rules/encryption/dek_registry
      creating build/lib.linux-x86_64-cpython-314/confluent_kafka/schema_registry/rules/encryption/gcpkms
      copying src/confluent_kafka/schema_registry/rules/encryption/gcpkms/gcp_driver.py -> build/lib.linux-x86_64-cpython-314/confluent_kafka/schema_registry/rules/encryption/gcpkms
      copying src/confluent_kafka/schema_registry/rules/encryption/gcpkms/__init__.py -> build/lib.linux-x86_64-cpython-314/confluent_kafka/schema_registry/rules/encryption/gcpkms
      copying src/confluent_kafka/schema_registry/rules/encryption/gcpkms/gcp_client.py -> build/lib.linux-x86_64-cpython-314/confluent_kafka/schema_registry/rules/encryption/gcpkms
      creating build/lib.linux-x86_64-cpython-314/confluent_kafka/schema_registry/rules/encryption/hcvault
      copying src/confluent_kafka/schema_registry/rules/encryption/hcvault/__init__.py -> build/lib.linux-x86_64-cpython-314/confluent_kafka/schema_registry/rules/encryption/hcvault
      copying src/confluent_kafka/schema_registry/rules/encryption/hcvault/hcvault_client.py -> build/lib.linux-x86_64-cpython-314/confluent_kafka/schema_registry/rules/encryption/hcvault
      copying src/confluent_kafka/schema_registry/rules/encryption/hcvault/hcvault_driver.py -> build/lib.linux-x86_64-cpython-314/confluent_kafka/schema_registry/rules/encryption/hcvault
      creating build/lib.linux-x86_64-cpython-314/confluent_kafka/schema_registry/confluent/types
      copying src/confluent_kafka/schema_registry/confluent/types/__init__.py -> build/lib.linux-x86_64-cpython-314/confluent_kafka/schema_registry/confluent/types
      copying src/confluent_kafka/schema_registry/confluent/types/decimal_pb2.py -> build/lib.linux-x86_64-cpython-314/confluent_kafka/schema_registry/confluent/types
      copying src/confluent_kafka/cimpl.pyi -> build/lib.linux-x86_64-cpython-314/confluent_kafka
      copying src/confluent_kafka/py.typed -> build/lib.linux-x86_64-cpython-314/confluent_kafka
      running build_ext
      building 'confluent_kafka.cimpl' extension
      creating build/temp.linux-x86_64-cpython-314/tmp/pip-install-301wqkqp/confluent-kafka_baad3cd6c5c245aaa667c638bbe512ec/src/confluent_kafka/src
      gcc -fno-strict-overflow -Wsign-compare -DNDEBUG -g -O3 -Wall -fPIC -I/usr/local/include/python3.14 -c /tmp/pip-install-301wqkqp/confluent-kafka_baad3cd6c5c245aaa667c638bbe512ec/src/confluent_kafka/src/Admin.c -o build/temp.linux-x86_64-cpython-314/tmp/pip-install-301wqkqp/confluent-kafka_baad3cd6c5c245aaa667c638bbe512ec/src/confluent_kafka/src/Admin.o
      In file included from /tmp/pip-install-301wqkqp/confluent-kafka_baad3cd6c5c245aaa667c638bbe512ec/src/confluent_kafka/src/Admin.c:28:
      /tmp/pip-install-301wqkqp/confluent-kafka_baad3cd6c5c245aaa667c638bbe512ec/src/confluent_kafka/src/confluent_kafka.h:23:10: fatal error: librdkafka/rdkafka.h: No such file or directory
         23 | #include <librdkafka/rdkafka.h>
            |          ^~~~~~~~~~~~~~~~~~~~~~
      compilation terminated.
      error: command '/usr/bin/gcc' failed with exit code 1
      [end of output]
  
  note: This error originates from a subprocess, and is likely not a problem with pip.
  ERROR: Failed building wheel for confluent-kafka
Successfully built trading-sdk
Failed to build confluent-kafka
error: failed-wheel-build-for-install

× Failed to build installable wheels for some pyproject.toml based projects
╰─> confluent-kafka

Skipped linters: ACTION_ZIZMOR, ANSIBLE_ANSIBLE_LINT, BASH_EXEC, BASH_SHELLCHECK, BASH_SHFMT, COPYPASTE_JSCPD, CPP_CPPCHECK, CPP_CPPLINT, CSS_STYLELINT, C_CPPCHECK, C_CPPLINT, DOCKERFILE_HADOLINT, EDITORCONFIG_EDITORCONFIG_CHECKER, ENV_DOTENV_LINTER, GRAPHQL_GRAPHQL_SCHEMA_LINTER, GROOVY_NPM_GROOVY_LINT, HTML_DJLINT, HTML_HTMLHINT, JSON_JSONLINT, JSON_PRETTIER, JSON_V8R, KOTLIN_DETEKT, KOTLIN_KTLINT, KUBERNETES_HELM, KUBERNETES_KUBECONFORM, KUBERNETES_KUBESCAPE, MARKDOWN_RUMDL, PROTOBUF_PROTOLINT, PYTHON_BANDIT, PYTHON_FLAKE8, PYTHON_NBQA_MYPY, PYTHON_PYRIGHT, PYTHON_RUFF_FORMAT, REPOSITORY_CHECKOV, REPOSITORY_GIT_DIFF, REPOSITORY_GRYPE, REPOSITORY_LS_LINT, REPOSITORY_OSV_SCANNER, REPOSITORY_SECRETLINT, REPOSITORY_SEMGREP, REPOSITORY_SYFT, REPOSITORY_TRIVY_SBOM, REPOSITORY_TRUFFLEHOG, RST_RSTCHECK, RST_RSTFMT, RST_RST_LINT, SNAKEMAKE_LINT, SNAKEMAKE_SNAKEFMT, SPELL_CODESPELL, SPELL_CSPELL, SPELL_PROSELINT, SPELL_VALE, SQL_SQLFLUFF, TEKTON_TEKTON_LINT, XML_XMLLINT, YAML_V8R
To receive reports as email, please set variable EMAIL_REPORTER_EMAIL
[ApiReporter] Not enabled as API_REPORTER is not defined to true
::endgroup::
::group::MegaLinter now collects the files to analyse (expand for details)
Listing all files in directory [/github/workspace], then filter with:
- File extensions: .htm, .html, .ipynb, .json, .json5, .jsonc, .markdown, .md, .mdx, .pxd, .py, .pyi, .pyx, .rst, .txt, .yaml, .yml
- Excluding .gitignored files [0]: 
Kept [97] files on [102] found files

+----MATCHING LINTERS-------------------+------------------------------------------------------------------------+----------------+------------+
| Descriptor | Linter                   | Criteria                                                               | Matching files | Format/Fix |
+------------+--------------------------+------------------------------------------------------------------------+----------------+------------+
| PYTHON     | pylint                   | .py|.pyi                                                               | 71             | no         |
| PYTHON     | black                    | .py|.pyi|.ipynb                                                        | 87             | yes        |
| PYTHON     | isort                    | .py|.pyi|.pyx|.pxd                                                     | 87             | yes        |
| PYTHON     | mypy                     | .py|.pyi                                                               | 71             | no         |
| PYTHON     | ruff                     | .py|.pyi|.ipynb                                                        | 87             | yes        |
| ACTION     | actionlint               | .yml|.yaml                                                             | 7              | no         |
| MARKDOWN   | markdownlint             | .md                                                                    | 2              | yes        |
| MARKDOWN   | markdown-table-formatter | .md                                                                    | 2              | yes        |
| REPOSITORY | gitleaks                 |                                                                        | project        | no         |
| REPOSITORY | trivy                    |                                                                        | project        | no         |
| SPELL      | lychee                   | .md|.mdx|.markdown|.html|.htm|.rst|.txt|.json|.jsonc|.json5|.yaml|.yml | 10             | no         |
| YAML       | prettier                 | .yml|.yaml                                                             | 8              | yes        |
| YAML       | yamllint                 | .yml|.yaml                                                             | 8              | no         |
+------------+--------------------------+------------------------------------------------------------------------+----------------+------------+
::endgroup::
Processing linters on [4] parallel cores… (can be decreased with variable PARALLEL_PROCESS_NUMBER in case of performance issues)
::group::[32m✅ Linted [ACTION] files with [actionlint] successfully - (0.03s)[0m (expand for details)
- Using [actionlint v1.7.12] https://megalinter.io/9.5.0/descriptors/action_actionlint
- MegaLinter key: [ACTION_ACTIONLINT]
- Rules config: identified by [actionlint]
- Number of files analyzed: [7]
- CWD: [/github/workspace]
- Command: [actionlint .github/workflows/megalinter.yml .github/workflows/pr-integration.yml .github/workflows/pr-regression.yml .github/workflows/pr-smoke.yml .github/workflows/pr-test.yml .github/workflows/python-build-wheel.yml .github/workflows/python-ci.yml...(truncated)]
::endgroup::
::group::[32m✅ Linted [MARKDOWN] files with [markdownlint] successfully - (0.64s)[0m (expand for details)
- Using [markdownlint v0.48.0] https://megalinter.io/9.5.0/descriptors/markdown_markdownlint
- MegaLinter key: [MARKDOWN_MARKDOWNLINT]
- Rules config: [.markdownlint.json]
- Number of files analyzed: [2]
- CWD: [/github/workspace]
- Command: [markdownlint --fix -c /action/lib/.automation/.markdownlint.json README.md docs/python314.md]
::endgroup::
::group::[32m✅ Linted [MARKDOWN] files with [markdown-table-formatter] successfully - (0.35s)[0m (expand for details)
- Using [markdown-table-formatter v1.7.0] https://megalinter.io/9.5.0/descriptors/markdown_markdown_table_formatter
- MegaLinter key: [MARKDOWN_MARKDOWN_TABLE_FORMATTER]
- Rules config: identified by [markdown-table-formatter]
- Number of files analyzed: [2]
- CWD: [/github/workspace]
- Command: [markdown-table-formatter README.md docs/python314.md]
::endgroup::
::group::[32m✅ Linted [PYTHON] files with [black] successfully - (2.32s)[0m (expand for details)
- Using [black v26.3.1] https://megalinter.io/9.5.0/descriptors/python_black
- MegaLinter key: [PYTHON_BLACK]
- Rules config: [/github/workspace/pyproject.toml]
- Number of files analyzed: [87]
- CWD: [/github/workspace]
- Command: [black --config /github/workspace/pyproject.toml tests/__init__.py tests/fake_kafka.py tests/test_readme_examples.py tests/unit/__init__.py tests/unit/test_codec.py tests/unit/test_dedup.py tests/unit/test_hash.py tests/unit/test_headers.py tests/unit...(truncated)]
::endgroup::
::group::[32m✅ Linted [PYTHON] files with [isort] successfully - (0.32s)[0m (expand for details)
- Using [isort v8.0.1] https://megalinter.io/9.5.0/descriptors/python_isort
- MegaLinter key: [PYTHON_ISORT]
- Rules config: [/github/workspace/pyproject.toml]
- Number of files analyzed: [87]
- CWD: [/github/workspace]
- Command: [isort --profile black --settings-file /github/workspace/pyproject.toml tests/__init__.py tests/fake_kafka.py tests/test_readme_examples.py tests/unit/__init__.py tests/unit/test_codec.py tests/unit/test_dedup.py tests/unit/test_hash.py tests/unit/tes...(truncated)]
::endgroup::
::group::[32m✅ Linted [PYTHON] files with [mypy] successfully - (3.15s)[0m (expand for details)
- Using [mypy v1.19.1] https://megalinter.io/9.5.0/descriptors/python_mypy
- MegaLinter key: [PYTHON_MYPY]
- Rules config: [/github/workspace/pyproject.toml]
- Number of files analyzed: [71]
- CWD: [/github/workspace]
- Command: [mypy --install-types --non-interactive --python-version=3.14 --config-file /github/workspace/pyproject.toml tradingcz/__init__.py tradingcz/sdk/__init__.py tradingcz/sdk/clients/__init__.py tradingcz/sdk/clients/balance.py tradingcz/sdk/clients/base....(truncated)]
::endgroup::
::group::[32m✅ Linted [PYTHON] files with [pylint] successfully - (8.18s)[0m (expand for details)
- Using [pylint v4.0.5] https://megalinter.io/9.5.0/descriptors/python_pylint
- MegaLinter key: [PYTHON_PYLINT]
- Rules config: [/github/workspace/.pylintrc]
- Number of files analyzed: [71]
- CWD: [/github/workspace]
- Command: [pylint --rcfile /github/workspace/.pylintrc tradingcz/__init__.py tradingcz/sdk/__init__.py tradingcz/sdk/clients/__init__.py tradingcz/sdk/clients/balance.py tradingcz/sdk/clients/base.py tradingcz/sdk/clients/data/__init__.py tradingcz/sdk/clients/...(truncated)]
::endgroup::
::group::[32m✅ Linted [PYTHON] files with [ruff] successfully - (0.04s)[0m (expand for details)
- Using [ruff v0.15.13] https://megalinter.io/9.5.0/descriptors/python_ruff
- MegaLinter key: [PYTHON_RUFF]
- Rules config: [/github/workspace/pyproject.toml]
- Number of files analyzed: [87]
- CWD: [/github/workspace]
- Command: [ruff check --fix --config /github/workspace/pyproject.toml tests/__init__.py tests/fake_kafka.py tests/test_readme_examples.py tests/unit/__init__.py tests/unit/test_codec.py tests/unit/test_dedup.py tests/unit/test_hash.py tests/unit/test_headers.py...(truncated)]
::endgroup::
::group::[32m✅ Linted [REPOSITORY] files with [gitleaks] successfully - (0.81s)[0m (expand for details)
- Using [gitleaks v8.30.1] https://megalinter.io/9.5.0/descriptors/repository_gitleaks
- MegaLinter key: [REPOSITORY_GITLEAKS]
- Rules config: [.gitleaks.toml]
- CWD: [/github/workspace]
- Command: [gitleaks detect --redact -c /action/lib/.automation/.gitleaks.toml --verbose --source .]
::endgroup::
::group::[32m✅ Linted [REPOSITORY] files with [trivy] successfully - (8.07s)[0m (expand for details)
- Using [trivy v0.70.0] https://megalinter.io/9.5.0/descriptors/repository_trivy
- MegaLinter key: [REPOSITORY_TRIVY]
- Rules config: identified by [trivy]
- CWD: [/github/workspace]
- Command: [trivy fs --scanners vuln,misconfig --exit-code 1 --severity MEDIUM,HIGH,CRITICAL .]
::endgroup::
::group::[32m✅ Linted [SPELL] files with [lychee] successfully - (0.23s)[0m (expand for details)
- Using [lychee v0.24.2] https://megalinter.io/9.5.0/descriptors/spell_lychee
- MegaLinter key: [SPELL_LYCHEE]
- Rules config: identified by [lychee]
- Number of files analyzed: [10]
- CWD: [/github/workspace]
- Command: [lychee --format detailed --no-progress .github/workflows/megalinter.yml .github/workflows/pr-integration.yml .github/workflows/pr-regression.yml .github/workflows/pr-smoke.yml .github/workflows/pr-test.yml .github/workflows/python-build-wheel.yml .gi...(truncated)]
::endgroup::
::group::[32m✅ Linted [YAML] files with [prettier] successfully - (0.45s)[0m (expand for details)
- Using [prettier v3.8.3] https://megalinter.io/9.5.0/descriptors/yaml_prettier
- MegaLinter key: [YAML_PRETTIER]
- Rules config: identified by [prettier]
- Number of files analyzed: [8]
- CWD: [/github/workspace]
- Command: [prettier --write --single-quote .github/workflows/megalinter.yml .github/workflows/pr-integration.yml .github/workflows/pr-regression.yml .github/workflows/pr-smoke.yml .github/workflows/pr-test.yml .github/workflows/python-build-wheel.yml .github/wo...(truncated)]
::endgroup::
::group::[32m✅ Linted [YAML] files with [yamllint] successfully - (0.51s)[0m (expand for details)
- Using [yamllint v1.38.0] https://megalinter.io/9.5.0/descriptors/yaml_yamllint
- MegaLinter key: [YAML_YAMLLINT]
- Rules config: [.yamllint.yml]
- Number of files analyzed: [8]
- CWD: [/github/workspace]
- Command: [yamllint --format standard -c /action/lib/.automation/.yamllint.yml .github/workflows/megalinter.yml .github/workflows/pr-integration.yml .github/workflows/pr-regression.yml .github/workflows/pr-smoke.yml .github/workflows/pr-test.yml .github/workflo...(truncated)]
::endgroup::
[GitHub Comment Reporter] Posted summary as comment on trading-cz/sdk #PR34

+----SUMMARY----+--------------------------+---------------+-------+-------+--------+----------+--------------+
| Descriptor    | Linter                   | Mode          | Files | Fixed | Errors | Warnings | Elapsed time |
+---------------+--------------------------+---------------+-------+-------+--------+----------+--------------+
| ✅ ACTION     | actionlint               | list_of_files |     7 |       |      0 |        0 | 0.03s        |
| ✅ MARKDOWN   | markdownlint             | list_of_files |     2 |     0 |      0 |        0 | 0.64s        |
| ✅ MARKDOWN   | markdown-table-formatter | list_of_files |     2 |     0 |      0 |        0 | 0.35s        |
| ✅ PYTHON     | black                    | list_of_files |    87 |    18 |      0 |        0 | 2.32s        |
| ✅ PYTHON     | isort                    | list_of_files |    87 |    20 |      0 |        0 | 0.32s        |
| ✅ PYTHON     | mypy                     | list_of_files |    71 |       |      0 |        0 | 3.15s        |
| ✅ PYTHON     | pylint                   | list_of_files |    71 |       |      0 |        0 | 8.18s        |
| ✅ PYTHON     | ruff                     | list_of_files |    87 |    21 |      0 |        0 | 0.04s        |
| ✅ REPOSITORY | gitleaks                 | project       |   n/a |       |      0 |        0 | 0.81s        |
| ✅ REPOSITORY | trivy                    | project       |   n/a |       |      0 |        0 | 8.07s        |
| ✅ SPELL      | lychee                   | list_of_files |    10 |       |      0 |        0 | 0.23s        |
| ✅ YAML       | prettier                 | list_of_files |     8 |     0 |      0 |        0 | 0.45s        |
| ✅ YAML       | yamllint                 | list_of_files |     8 |       |      0 |        0 | 0.51s        |
+---------------+--------------------------+---------------+-------+-------+--------+----------+--------------+

[Updated Sources Reporter] copied 21 fixed source files in folder /github/workspace/megalinter-reports/updated_sources.
[MARKDOWN_SUMMARY Reporter] Generated MARKDOWN_SUMMARY report: /github/workspace/megalinter-reports/megalinter-report.md
[MARKDOWN_SUMMARY Reporter] Also appended to GITHUB_STEP_SUMMARY: /github/file_commands/step_summary_7eb42ca8-e404-445c-887d-94201d7c59aa
[32m✅ Successfully linted all files without errors[0m
